2026-09-17 12:21:50,864 [INFO] Directory structure verified: assets/characters, assets/bg, assets/ui, logs
2026-09-17 12:21:50,864 [INFO] ======================================================================
2026-09-17 12:21:50,865 [INFO]   Gality Engine - Full Visual Asset Generator
2026-09-17 12:21:50,865 [INFO]   Pipeline: Grok Imagine + rembg (HQ alpha matting)
2026-09-17 12:21:50,865 [INFO] ======================================================================
2026-09-17 12:21:50,865 [INFO]   Characters (with rembg)  : 21
2026-09-17 12:21:50,865 [INFO]   Backgrounds (raw)        : 5
2026-09-17 12:21:50,865 [INFO]   UI Elements (with rembg) : 4
2026-09-17 12:21:50,865 [INFO]   Max Retries Per Asset    : 3
2026-09-17 12:21:50,866 [INFO]   Alpha Matting            : ON
2026-09-17 12:21:50,866 [INFO]   Green Spill Removal      : ON
2026-09-17 12:21:50,866 [INFO]   Log File                 : logs\asset_pipeline_20260917_122150.log
2026-09-17 12:21:50,866 [INFO] ======================================================================
2026-09-17 12:21:50,866 [INFO] 
>>> Phase 1: Character Sprites (3:4, Transparent Alpha)
2026-09-17 12:21:50,867 [INFO] [Skip] Already exists: assets/characters/senior_normal.png
2026-09-17 12:21:50,867 [INFO] [Skip] Already exists: assets/characters/senior_smile.png
2026-09-17 12:21:50,867 [INFO] [Skip] Already exists: assets/characters/senior_happy.png
2026-09-17 12:21:50,868 [INFO] [Skip] Already exists: assets/characters/senior_surprised.png
2026-09-17 12:21:50,868 [INFO] [Skip] Already exists: assets/characters/senior_pout.png
2026-09-17 12:21:50,868 [INFO] [Skip] Already exists: assets/characters/senior_fear.png
2026-09-17 12:21:50,868 [INFO] [Skip] Already exists: assets/characters/senior_corrupt.png
2026-09-17 12:21:50,869 [INFO] [Skip] Already exists: assets/characters/junior_normal.png
2026-09-17 12:21:50,869 [INFO] [Skip] Already exists: assets/characters/junior_smile.png
2026-09-17 12:21:50,869 [INFO] [Skip] Already exists: assets/characters/junior_happy.png
2026-09-17 12:21:50,870 [INFO] [Skip] Already exists: assets/characters/junior_surprised.png
2026-09-17 12:21:50,870 [INFO] [Skip] Already exists: assets/characters/junior_pout.png
2026-09-17 12:21:50,870 [INFO] [Skip] Already exists: assets/characters/junior_smug.png
2026-09-17 12:21:50,870 [INFO] [Skip] Already exists: assets/characters/junior_panic.png
2026-09-17 12:21:50,871 [INFO] [Skip] Already exists: assets/characters/junior_corrupt.png
2026-09-17 12:21:50,871 [INFO] [Skip] Already exists: assets/characters/president_normal.png
2026-09-17 12:21:50,871 [INFO] [Skip] Already exists: assets/characters/president_arms.png
2026-09-17 12:21:50,872 [INFO] [Skip] Already exists: assets/characters/president_smile.png
2026-09-17 12:21:50,872 [INFO] [Skip] Already exists: assets/characters/president_serious.png
2026-09-17 12:21:50,872 [INFO] [Skip] Already exists: assets/characters/president_mad.png
2026-09-17 12:21:50,873 [INFO] [Skip] Already exists: assets/characters/president_glitch.png
2026-09-17 12:21:50,873 [INFO] <<< Phase 1: Character Sprites (3:4, Transparent Alpha) complete: 0 generated, 21 skipped
2026-09-17 12:21:50,873 [INFO] 
>>> Phase 2: Scene Backgrounds (16:9, Full Frame)
2026-09-17 12:21:50,873 [INFO] [Skip] Already exists: assets/bg/rooftop.jpg
2026-09-17 12:21:50,873 [INFO] [Skip] Already exists: assets/bg/library.jpg
2026-09-17 12:21:50,874 [INFO] [Skip] Already exists: assets/bg/infirmary.jpg
2026-09-17 12:21:50,874 [INFO] [Skip] Already exists: assets/bg/datastream.jpg
2026-09-17 12:21:50,874 [INFO] [Skip] Already exists: assets/bg/office.jpg
2026-09-17 12:21:50,874 [INFO] <<< Phase 2: Scene Backgrounds (16:9, Full Frame) complete: 0 generated, 5 skipped
2026-09-17 12:21:50,875 [INFO] 
>>> Phase 3: UI Elements (1:1, 9-Slice Ready)
2026-09-17 12:21:50,875 [INFO]   [Attempt 1/3] assets/ui/dialogue_box.png
2026-09-17 12:21:50,875 [INFO] [AssetPipeline] Processing: assets/ui/dialogue_box.png (Character/UI)
2026-09-17 12:21:50,875 [INFO]   Prompt: game UI element, visual novel dialogue box frame, dark semi-transparent deep navy glass panel, subtl...
2026-09-17 12:22:13,754 [INFO] HTTP Request: POST https://api.x.ai/v1/images/generations "HTTP/1.1 200 OK"
2026-09-17 12:22:13,837 [INFO]   [Network] Downloading generated asset payload...
2026-09-17 12:22:14,632 [INFO]   [Image] Raw image size: (1024, 1024), mode: RGB
2026-09-17 12:22:14,633 [INFO]   [rembg] Stripping green screen background (HQ alpha matting)...
2026-09-17 12:22:14,633 [INFO]   [rembg] Applying alpha matting (foreground threshold=240)...
2026-09-17 12:23:15,575 [INFO]   [rembg] Applying green spill removal...
2026-09-17 12:23:17,148 [INFO]   [Success] Transparent sprite saved: assets/ui/dialogue_box.png
2026-09-17 12:23:19,672 [INFO]   [Attempt 1/3] assets/ui/name_box.png
2026-09-17 12:23:19,673 [INFO] [AssetPipeline] Processing: assets/ui/name_box.png (Character/UI)
2026-09-17 12:23:19,673 [INFO]   Prompt: game UI element, visual novel character name plate frame, dark metallic panel with gold accent borde...
2026-09-17 12:23:37,166 [INFO] HTTP Request: POST https://api.x.ai/v1/images/generations "HTTP/1.1 200 OK"
2026-09-17 12:23:38,111 [INFO]   [Network] Downloading generated asset payload...
2026-09-17 12:23:38,819 [INFO]   [Image] Raw image size: (1024, 1024), mode: RGB
2026-09-17 12:23:38,819 [INFO]   [rembg] Stripping green screen background (HQ alpha matting)...
2026-09-17 12:23:38,820 [INFO]   [rembg] Applying alpha matting (foreground threshold=240)...
