2026-09-17 12:25:49,873 [INFO] Directory structure verified: assets/characters, assets/bg, assets/ui, logs
2026-09-17 12:25:49,873 [INFO] ======================================================================
2026-09-17 12:25:49,873 [INFO]   Gality Engine - Full Visual Asset Generator
2026-09-17 12:25:49,874 [INFO]   Pipeline: Grok Imagine + rembg (HQ alpha matting)
2026-09-17 12:25:49,874 [INFO] ======================================================================
2026-09-17 12:25:49,874 [INFO]   Characters (with rembg)  : 21
2026-09-17 12:25:49,874 [INFO]   Backgrounds (raw)        : 5
2026-09-17 12:25:49,874 [INFO]   UI Elements (with rembg) : 4
2026-09-17 12:25:49,874 [INFO]   Max Retries Per Asset    : 3
2026-09-17 12:25:49,881 [INFO]   Alpha Matting            : ON
2026-09-17 12:25:49,881 [INFO]   Green Spill Removal      : ON
2026-09-17 12:25:49,882 [INFO]   Log File                 : logs\asset_pipeline_20260917_122549.log
2026-09-17 12:25:49,882 [INFO] ======================================================================
2026-09-17 12:25:49,882 [INFO] 
>>> Phase 1: Character Sprites (3:4, Transparent Alpha)
2026-09-17 12:25:49,882 [INFO] [Skip] Already exists: assets/characters/senior_normal.png
2026-09-17 12:25:49,897 [INFO] [Skip] Already exists: assets/characters/senior_smile.png
2026-09-17 12:25:49,905 [INFO] [Skip] Already exists: assets/characters/senior_happy.png
2026-09-17 12:25:49,905 [INFO] [Skip] Already exists: assets/characters/senior_surprised.png
2026-09-17 12:25:49,906 [INFO] [Skip] Already exists: assets/characters/senior_pout.png
2026-09-17 12:25:49,906 [INFO] [Skip] Already exists: assets/characters/senior_fear.png
2026-09-17 12:25:49,907 [INFO] [Skip] Already exists: assets/characters/senior_corrupt.png
2026-09-17 12:25:49,908 [INFO] [Skip] Already exists: assets/characters/junior_normal.png
2026-09-17 12:25:49,909 [INFO] [Skip] Already exists: assets/characters/junior_smile.png
2026-09-17 12:25:49,909 [INFO] [Skip] Already exists: assets/characters/junior_happy.png
2026-09-17 12:25:49,918 [INFO] [Skip] Already exists: assets/characters/junior_surprised.png
2026-09-17 12:25:49,919 [INFO] [Skip] Already exists: assets/characters/junior_pout.png
2026-09-17 12:25:49,919 [INFO] [Skip] Already exists: assets/characters/junior_smug.png
2026-09-17 12:25:49,919 [INFO] [Skip] Already exists: assets/characters/junior_panic.png
2026-09-17 12:25:49,920 [INFO] [Skip] Already exists: assets/characters/junior_corrupt.png
2026-09-17 12:25:49,920 [INFO] [Skip] Already exists: assets/characters/president_normal.png
2026-09-17 12:25:49,921 [INFO] [Skip] Already exists: assets/characters/president_arms.png
2026-09-17 12:25:49,921 [INFO] [Skip] Already exists: assets/characters/president_smile.png
2026-09-17 12:25:49,921 [INFO] [Skip] Already exists: assets/characters/president_serious.png
2026-09-17 12:25:49,922 [INFO] [Skip] Already exists: assets/characters/president_mad.png
2026-09-17 12:25:49,922 [INFO] [Skip] Already exists: assets/characters/president_glitch.png
2026-09-17 12:25:49,922 [INFO] <<< Phase 1: Character Sprites (3:4, Transparent Alpha) complete: 0 generated, 21 skipped
2026-09-17 12:25:49,923 [INFO] 
>>> Phase 2: Scene Backgrounds (16:9, Full Frame)
2026-09-17 12:25:49,936 [INFO] [Skip] Already exists: assets/bg/rooftop.jpg
2026-09-17 12:25:49,937 [INFO] [Skip] Already exists: assets/bg/library.jpg
2026-09-17 12:25:49,937 [INFO] [Skip] Already exists: assets/bg/infirmary.jpg
2026-09-17 12:25:49,938 [INFO] [Skip] Already exists: assets/bg/datastream.jpg
2026-09-17 12:25:49,938 [INFO] [Skip] Already exists: assets/bg/office.jpg
2026-09-17 12:25:49,938 [INFO] <<< Phase 2: Scene Backgrounds (16:9, Full Frame) complete: 0 generated, 5 skipped
2026-09-17 12:25:49,938 [INFO] 
>>> Phase 3: UI Elements (1:1, 9-Slice Ready)
2026-09-17 12:25:49,939 [INFO] [Skip] Already exists: assets/ui/dialogue_box.png
2026-09-17 12:25:49,939 [INFO]   [Attempt 1/3] assets/ui/name_box.png
2026-09-17 12:25:49,939 [INFO] [AssetPipeline] Processing: assets/ui/name_box.png (Character/UI)
2026-09-17 12:25:49,939 [INFO]   Prompt: game UI element, visual novel character name plate frame, dark metallic panel with gold accent borde...
2026-09-17 12:26:02,970 [INFO] HTTP Request: POST https://api.x.ai/v1/images/generations "HTTP/1.1 200 OK"
2026-09-17 12:26:02,999 [INFO]   [Network] Downloading generated asset payload...
2026-09-17 12:26:03,698 [INFO]   [Image] Raw image size: (1024, 1024), mode: RGB
2026-09-17 12:26:03,699 [INFO]   [rembg] Stripping green screen background (HQ alpha matting)...
2026-09-17 12:26:03,699 [INFO]   [rembg] Applying alpha matting (foreground threshold=240)...
2026-09-17 12:26:36,909 [INFO]   [rembg] Applying green spill removal...
2026-09-17 12:26:37,900 [INFO]   [Success] Transparent sprite saved: assets/ui/name_box.png
2026-09-17 12:26:39,403 [INFO]   [Attempt 1/3] assets/ui/choice_normal.png
2026-09-17 12:26:39,403 [INFO] [AssetPipeline] Processing: assets/ui/choice_normal.png (Character/UI)
2026-09-17 12:26:39,403 [INFO]   Prompt: game UI element, visual novel choice button, normal state, dark blue semi-transparent rectangle pane...
2026-09-17 12:26:50,040 [INFO] HTTP Request: POST https://api.x.ai/v1/images/generations "HTTP/1.1 200 OK"
2026-09-17 12:26:50,040 [INFO]   [Network] Downloading generated asset payload...
2026-09-17 12:26:50,433 [INFO]   [Image] Raw image size: (1024, 1024), mode: RGB
2026-09-17 12:26:50,433 [INFO]   [rembg] Stripping green screen background (HQ alpha matting)...
2026-09-17 12:26:50,434 [INFO]   [rembg] Applying alpha matting (foreground threshold=240)...
2026-09-17 12:27:24,538 [INFO]   [rembg] Applying green spill removal...
2026-09-17 12:27:26,178 [INFO]   [Success] Transparent sprite saved: assets/ui/choice_normal.png
2026-09-17 12:27:27,680 [INFO]   [Attempt 1/3] assets/ui/choice_hover.png
2026-09-17 12:27:27,681 [INFO] [AssetPipeline] Processing: assets/ui/choice_hover.png (Character/UI)
2026-09-17 12:27:27,681 [INFO]   Prompt: game UI element, visual novel choice button, hover state, bright golden glowing rectangle panel, whi...
2026-09-17 12:27:39,704 [INFO] HTTP Request: POST https://api.x.ai/v1/images/generations "HTTP/1.1 200 OK"
2026-09-17 12:27:39,705 [INFO]   [Network] Downloading generated asset payload...
2026-09-17 12:27:40,280 [INFO]   [Image] Raw image size: (1024, 1024), mode: RGB
2026-09-17 12:27:40,281 [INFO]   [rembg] Stripping green screen background (HQ alpha matting)...
2026-09-17 12:27:40,281 [INFO]   [rembg] Applying alpha matting (foreground threshold=240)...
2026-09-17 12:28:12,055 [INFO]   [rembg] Applying green spill removal...
2026-09-17 12:28:12,950 [INFO]   [Success] Transparent sprite saved: assets/ui/choice_hover.png
2026-09-17 12:28:14,452 [INFO] <<< Phase 3: UI Elements (1:1, 9-Slice Ready) complete: 3 generated, 1 skipped
2026-09-17 12:28:14,452 [INFO] 
======================================================================
2026-09-17 12:28:14,452 [INFO]   PIPELINE SUMMARY
2026-09-17 12:28:14,453 [INFO] ======================================================================
2026-09-17 12:28:14,453 [INFO]   Characters : 0 generated, 21 skipped
2026-09-17 12:28:14,453 [INFO]   Backgrounds: 0 generated, 5 skipped
2026-09-17 12:28:14,453 [INFO]   UI Elements: 3 generated, 1 skipped
2026-09-17 12:28:14,453 [INFO]   Total Time : 144.6s
2026-09-17 12:28:14,453 [INFO] ======================================================================
2026-09-17 12:28:14,463 [INFO] 
All assets generated successfully!
2026-09-17 12:28:14,463 [INFO] 
All assets ready for Gality Engine!
